1 12 9 20 3 14 7 18 5 16 10 21 2 13 8 19 4 15 36 47 27 30 11 22 25 34 37 6 17 46 40 23 26 29 38 51 44 35 48 53 31 28 39 24 33 56 49 52 45 62 70 41 32 57 50 43 64 61 54 75 67 58 69 42 65 60 55 74 63 82 80 71 66 59 78 73 86 83 76 90 89 68 79 72 87 84 77 91 93 95 97 81 88 85 98 92 94 96 99 100 