1 20 17 14 3 22 31 12 5 24 29 10 7 26 43 18 15 2 21 32 13 4 23 30 11 6 25 28 44 8 52 36 19 16 50 38 33 47 58 40 70 45 9 42 27 79 64 51 37 34 48 57 39 69 46 59 41 71 80 93 92 53 35 49 62 55 68 75 60 97 72 81 94 99 104 65 78 63 54 67 76 61 56 73 82 95 98 103 116 101 88 91 66 77 86 109 74 83 96 107 118 115 100 105 146 123 136 87 90 121 84 111 108 119 128 113 106 117 102 147 138 89 122 85 110 141 120 127 112 143 150 129 114 145 172 135 124 137 140 133 126 163 142 151 130 167 144 171 148 169 158 139 134 125 164 161 152 131 166 175 182 149 168 173 190 155 188 157 160 153 132 165 162 183 203 177 174 181 170 179 198 159 154 187 200 195 184 204 176 193 207 210 178 191 213 189 156 199 196 185 205 201 194 208 211 216 192 214 180 218 220 197 186 206 202 221 209 212 217 222 215 223 219 224 225 